4 1 5 3 8 7 9 6 2
9 2 8 5 1 6 3 7 4
7 6 3 4 9 2 1 8 5
1 5 7 8 2 3 4 9 6
3 9 6 7 5 4 2 1 8
2 8 4 1 6 9 7 5 3
6 7 2 9 4 8 5 3 1
8 3 1 2 7 5 6 4 9
5 4 9 6 3 1 8 2 7