7 6 2 8 5 1 3 4 9
8 1 9 4 7 3 2 5 6
3 5 4 9 2 6 8 7 1
4 9 7 6 8 5 1 3 2
1 2 6 7 3 4 5 9 8
5 8 3 2 1 9 7 6 4
9 3 1 5 6 8 4 2 7
6 7 8 3 4 2 9 1 5
2 4 5 1 9 7 6 8 3