9 4 8 6 2 7 1 3 5
2 7 5 8 1 3 9 4 6
6 3 1 5 9 4 7 2 8
3 8 7 4 5 1 2 6 9
5 1 6 9 8 2 4 7 3
4 9 2 7 3 6 5 8 1
7 5 4 3 6 9 8 1 2
8 2 3 1 7 5 6 9 4
1 6 9 2 4 8 3 5 7