1 5 3 6 2 4 9 8 7
2 7 4 9 1 8 5 6 3
6 8 9 5 3 7 4 1 2
4 3 2 8 5 1 7 9 6
5 6 7 2 9 3 8 4 1
9 1 8 7 4 6 3 2 5
3 4 6 1 7 9 2 5 8
8 9 5 3 6 2 1 7 4
7 2 1 4 8 5 6 3 9