5 8 6 1 3 2 4 9 7
4 3 7 5 9 8 1 2 6
9 1 2 7 6 4 5 8 3
2 4 3 9 1 5 6 7 8
8 6 5 4 2 7 9 3 1
7 9 1 6 8 3 2 4 5
6 2 9 8 7 1 3 5 4
1 5 8 3 4 9 7 6 2
3 7 4 2 5 6 8 1 9